[2025-12-10 08:42:44,740] ERROR error_logger ❌ [14695/100000] Failed for mobile 9843752651: max_workers must be greater than 0
Traceback (most recent call last):
  File "/Users/DK/Desktop/Project/r2_migration/Summary_Generation/mobile_summary.py", line 38, in process_mobile_range
    result = generate_mobile_summary(bucket, mobile)
  File "/Users/DK/Desktop/Project/r2_migration/Summary_Generation/mobile_summary_form.py", line 163, in generate_mobile_summary
    imei_summary_fun(bucket, mobile)
    ~~~~~~~~~~~~~~~~^^^^^^^^^^^^^^^^
  File "/Users/DK/Desktop/Project/r2_migration/Summary_Generation/mobile_summary_form.py", line 100, in imei_summary_fun
    records = parallel_read_json(bucket, imei_files, workers=workers_count)
  File "/Users/DK/Desktop/Project/r2_migration/Summary_Generation/mobile_summary_form.py", line 60, in parallel_read_json
    with ThreadPoolExecutor(max_workers=workers) as executor:
         ~~~~~~~~~~~~~~~~~~^^^^^^^^^^^^^^^^^^^^^
  File "/Library/Frameworks/Python.framework/Versions/3.13/lib/python3.13/concurrent/futures/thread.py", line 148, in __init__
    raise ValueError("max_workers must be greater than 0")
ValueError: max_workers must be greater than 0
[2025-12-10 09:01:00,287] ERROR error_logger ❌ [15055/100000] Failed for mobile 7259244319: max_workers must be greater than 0
Traceback (most recent call last):
  File "/Users/DK/Desktop/Project/r2_migration/Summary_Generation/mobile_summary.py", line 38, in process_mobile_range
    result = generate_mobile_summary(bucket, mobile)
  File "/Users/DK/Desktop/Project/r2_migration/Summary_Generation/mobile_summary_form.py", line 163, in generate_mobile_summary
    imei_summary_fun(bucket, mobile)
    ~~~~~~~~~~~~~~~~^^^^^^^^^^^^^^^^
  File "/Users/DK/Desktop/Project/r2_migration/Summary_Generation/mobile_summary_form.py", line 100, in imei_summary_fun
    records = parallel_read_json(bucket, imei_files, workers=workers_count)
  File "/Users/DK/Desktop/Project/r2_migration/Summary_Generation/mobile_summary_form.py", line 60, in parallel_read_json
    with ThreadPoolExecutor(max_workers=workers) as executor:
         ~~~~~~~~~~~~~~~~~~^^^^^^^^^^^^^^^^^^^^^
  File "/Library/Frameworks/Python.framework/Versions/3.13/lib/python3.13/concurrent/futures/thread.py", line 148, in __init__
    raise ValueError("max_workers must be greater than 0")
ValueError: max_workers must be greater than 0
[2025-12-10 09:01:10,954] ERROR error_logger ❌ [15059/100000] Failed for mobile 7358346835: max_workers must be greater than 0
Traceback (most recent call last):
  File "/Users/DK/Desktop/Project/r2_migration/Summary_Generation/mobile_summary.py", line 38, in process_mobile_range
    result = generate_mobile_summary(bucket, mobile)
  File "/Users/DK/Desktop/Project/r2_migration/Summary_Generation/mobile_summary_form.py", line 163, in generate_mobile_summary
    imei_summary_fun(bucket, mobile)
    ~~~~~~~~~~~~~~~~^^^^^^^^^^^^^^^^
  File "/Users/DK/Desktop/Project/r2_migration/Summary_Generation/mobile_summary_form.py", line 100, in imei_summary_fun
    records = parallel_read_json(bucket, imei_files, workers=workers_count)
  File "/Users/DK/Desktop/Project/r2_migration/Summary_Generation/mobile_summary_form.py", line 60, in parallel_read_json
    with ThreadPoolExecutor(max_workers=workers) as executor:
         ~~~~~~~~~~~~~~~~~~^^^^^^^^^^^^^^^^^^^^^
  File "/Library/Frameworks/Python.framework/Versions/3.13/lib/python3.13/concurrent/futures/thread.py", line 148, in __init__
    raise ValueError("max_workers must be greater than 0")
ValueError: max_workers must be greater than 0
[2025-12-10 09:14:51,556] ERROR error_logger ❌ [15321/100000] Failed for mobile 9952595793: max_workers must be greater than 0
Traceback (most recent call last):
  File "/Users/DK/Desktop/Project/r2_migration/Summary_Generation/mobile_summary.py", line 38, in process_mobile_range
    result = generate_mobile_summary(bucket, mobile)
  File "/Users/DK/Desktop/Project/r2_migration/Summary_Generation/mobile_summary_form.py", line 163, in generate_mobile_summary
    imei_summary_fun(bucket, mobile)
    ~~~~~~~~~~~~~~~~^^^^^^^^^^^^^^^^
  File "/Users/DK/Desktop/Project/r2_migration/Summary_Generation/mobile_summary_form.py", line 100, in imei_summary_fun
    records = parallel_read_json(bucket, imei_files, workers=workers_count)
  File "/Users/DK/Desktop/Project/r2_migration/Summary_Generation/mobile_summary_form.py", line 60, in parallel_read_json
    with ThreadPoolExecutor(max_workers=workers) as executor:
         ~~~~~~~~~~~~~~~~~~^^^^^^^^^^^^^^^^^^^^^
  File "/Library/Frameworks/Python.framework/Versions/3.13/lib/python3.13/concurrent/futures/thread.py", line 148, in __init__
    raise ValueError("max_workers must be greater than 0")
ValueError: max_workers must be greater than 0
[2025-12-10 09:14:55,017] ERROR error_logger ❌ [15323/100000] Failed for mobile 9840030960: max_workers must be greater than 0
Traceback (most recent call last):
  File "/Users/DK/Desktop/Project/r2_migration/Summary_Generation/mobile_summary.py", line 38, in process_mobile_range
    result = generate_mobile_summary(bucket, mobile)
  File "/Users/DK/Desktop/Project/r2_migration/Summary_Generation/mobile_summary_form.py", line 163, in generate_mobile_summary
    imei_summary_fun(bucket, mobile)
    ~~~~~~~~~~~~~~~~^^^^^^^^^^^^^^^^
  File "/Users/DK/Desktop/Project/r2_migration/Summary_Generation/mobile_summary_form.py", line 100, in imei_summary_fun
    records = parallel_read_json(bucket, imei_files, workers=workers_count)
  File "/Users/DK/Desktop/Project/r2_migration/Summary_Generation/mobile_summary_form.py", line 60, in parallel_read_json
    with ThreadPoolExecutor(max_workers=workers) as executor:
         ~~~~~~~~~~~~~~~~~~^^^^^^^^^^^^^^^^^^^^^
  File "/Library/Frameworks/Python.framework/Versions/3.13/lib/python3.13/concurrent/futures/thread.py", line 148, in __init__
    raise ValueError("max_workers must be greater than 0")
ValueError: max_workers must be greater than 0
[2025-12-10 09:14:55,188] ERROR error_logger ❌ [15324/100000] Failed for mobile 9962344422: max_workers must be greater than 0
Traceback (most recent call last):
  File "/Users/DK/Desktop/Project/r2_migration/Summary_Generation/mobile_summary.py", line 38, in process_mobile_range
    result = generate_mobile_summary(bucket, mobile)
  File "/Users/DK/Desktop/Project/r2_migration/Summary_Generation/mobile_summary_form.py", line 163, in generate_mobile_summary
    imei_summary_fun(bucket, mobile)
    ~~~~~~~~~~~~~~~~^^^^^^^^^^^^^^^^
  File "/Users/DK/Desktop/Project/r2_migration/Summary_Generation/mobile_summary_form.py", line 100, in imei_summary_fun
    records = parallel_read_json(bucket, imei_files, workers=workers_count)
  File "/Users/DK/Desktop/Project/r2_migration/Summary_Generation/mobile_summary_form.py", line 60, in parallel_read_json
    with ThreadPoolExecutor(max_workers=workers) as executor:
         ~~~~~~~~~~~~~~~~~~^^^^^^^^^^^^^^^^^^^^^
  File "/Library/Frameworks/Python.framework/Versions/3.13/lib/python3.13/concurrent/futures/thread.py", line 148, in __init__
    raise ValueError("max_workers must be greater than 0")
ValueError: max_workers must be greater than 0
[2025-12-10 09:22:11,886] ERROR error_logger ❌ [15462/100000] Failed for mobile 9740450327: max_workers must be greater than 0
Traceback (most recent call last):
  File "/Users/DK/Desktop/Project/r2_migration/Summary_Generation/mobile_summary.py", line 38, in process_mobile_range
    result = generate_mobile_summary(bucket, mobile)
  File "/Users/DK/Desktop/Project/r2_migration/Summary_Generation/mobile_summary_form.py", line 163, in generate_mobile_summary
    imei_summary_fun(bucket, mobile)
    ~~~~~~~~~~~~~~~~^^^^^^^^^^^^^^^^
  File "/Users/DK/Desktop/Project/r2_migration/Summary_Generation/mobile_summary_form.py", line 100, in imei_summary_fun
    records = parallel_read_json(bucket, imei_files, workers=workers_count)
  File "/Users/DK/Desktop/Project/r2_migration/Summary_Generation/mobile_summary_form.py", line 60, in parallel_read_json
    with ThreadPoolExecutor(max_workers=workers) as executor:
         ~~~~~~~~~~~~~~~~~~^^^^^^^^^^^^^^^^^^^^^
  File "/Library/Frameworks/Python.framework/Versions/3.13/lib/python3.13/concurrent/futures/thread.py", line 148, in __init__
    raise ValueError("max_workers must be greater than 0")
ValueError: max_workers must be greater than 0
[2025-12-10 09:26:20,426] ERROR error_logger ❌ [15545/100000] Failed for mobile 9600935057: max_workers must be greater than 0
Traceback (most recent call last):
  File "/Users/DK/Desktop/Project/r2_migration/Summary_Generation/mobile_summary.py", line 38, in process_mobile_range
    result = generate_mobile_summary(bucket, mobile)
  File "/Users/DK/Desktop/Project/r2_migration/Summary_Generation/mobile_summary_form.py", line 163, in generate_mobile_summary
    imei_summary_fun(bucket, mobile)
    ~~~~~~~~~~~~~~~~^^^^^^^^^^^^^^^^
  File "/Users/DK/Desktop/Project/r2_migration/Summary_Generation/mobile_summary_form.py", line 100, in imei_summary_fun
    records = parallel_read_json(bucket, imei_files, workers=workers_count)
  File "/Users/DK/Desktop/Project/r2_migration/Summary_Generation/mobile_summary_form.py", line 60, in parallel_read_json
    with ThreadPoolExecutor(max_workers=workers) as executor:
         ~~~~~~~~~~~~~~~~~~^^^^^^^^^^^^^^^^^^^^^
  File "/Library/Frameworks/Python.framework/Versions/3.13/lib/python3.13/concurrent/futures/thread.py", line 148, in __init__
    raise ValueError("max_workers must be greater than 0")
ValueError: max_workers must be greater than 0
[2025-12-10 09:40:33,056] ERROR error_logger ❌ [15845/100000] Failed for mobile 9080675749: max_workers must be greater than 0
Traceback (most recent call last):
  File "/Users/DK/Desktop/Project/r2_migration/Summary_Generation/mobile_summary.py", line 38, in process_mobile_range
    result = generate_mobile_summary(bucket, mobile)
  File "/Users/DK/Desktop/Project/r2_migration/Summary_Generation/mobile_summary_form.py", line 163, in generate_mobile_summary
    imei_summary_fun(bucket, mobile)
    ~~~~~~~~~~~~~~~~^^^^^^^^^^^^^^^^
  File "/Users/DK/Desktop/Project/r2_migration/Summary_Generation/mobile_summary_form.py", line 100, in imei_summary_fun
    records = parallel_read_json(bucket, imei_files, workers=workers_count)
  File "/Users/DK/Desktop/Project/r2_migration/Summary_Generation/mobile_summary_form.py", line 60, in parallel_read_json
    with ThreadPoolExecutor(max_workers=workers) as executor:
         ~~~~~~~~~~~~~~~~~~^^^^^^^^^^^^^^^^^^^^^
  File "/Library/Frameworks/Python.framework/Versions/3.13/lib/python3.13/concurrent/futures/thread.py", line 148, in __init__
    raise ValueError("max_workers must be greater than 0")
ValueError: max_workers must be greater than 0
[2025-12-10 09:42:19,301] ERROR error_logger ❌ [15885/100000] Failed for mobile 7092514838: max_workers must be greater than 0
Traceback (most recent call last):
  File "/Users/DK/Desktop/Project/r2_migration/Summary_Generation/mobile_summary.py", line 38, in process_mobile_range
    result = generate_mobile_summary(bucket, mobile)
  File "/Users/DK/Desktop/Project/r2_migration/Summary_Generation/mobile_summary_form.py", line 163, in generate_mobile_summary
    imei_summary_fun(bucket, mobile)
    ~~~~~~~~~~~~~~~~^^^^^^^^^^^^^^^^
  File "/Users/DK/Desktop/Project/r2_migration/Summary_Generation/mobile_summary_form.py", line 100, in imei_summary_fun
    records = parallel_read_json(bucket, imei_files, workers=workers_count)
  File "/Users/DK/Desktop/Project/r2_migration/Summary_Generation/mobile_summary_form.py", line 60, in parallel_read_json
    with ThreadPoolExecutor(max_workers=workers) as executor:
         ~~~~~~~~~~~~~~~~~~^^^^^^^^^^^^^^^^^^^^^
  File "/Library/Frameworks/Python.framework/Versions/3.13/lib/python3.13/concurrent/futures/thread.py", line 148, in __init__
    raise ValueError("max_workers must be greater than 0")
ValueError: max_workers must be greater than 0
[2025-12-10 10:01:02,626] ERROR error_logger ❌ [16282/100000] Failed for mobile 8210102511: max_workers must be greater than 0
Traceback (most recent call last):
  File "/Users/DK/Desktop/Project/r2_migration/Summary_Generation/mobile_summary.py", line 38, in process_mobile_range
    result = generate_mobile_summary(bucket, mobile)
  File "/Users/DK/Desktop/Project/r2_migration/Summary_Generation/mobile_summary_form.py", line 163, in generate_mobile_summary
    imei_summary_fun(bucket, mobile)
    ~~~~~~~~~~~~~~~~^^^^^^^^^^^^^^^^
  File "/Users/DK/Desktop/Project/r2_migration/Summary_Generation/mobile_summary_form.py", line 100, in imei_summary_fun
    records = parallel_read_json(bucket, imei_files, workers=workers_count)
  File "/Users/DK/Desktop/Project/r2_migration/Summary_Generation/mobile_summary_form.py", line 60, in parallel_read_json
    with ThreadPoolExecutor(max_workers=workers) as executor:
         ~~~~~~~~~~~~~~~~~~^^^^^^^^^^^^^^^^^^^^^
  File "/Library/Frameworks/Python.framework/Versions/3.13/lib/python3.13/concurrent/futures/thread.py", line 148, in __init__
    raise ValueError("max_workers must be greater than 0")
ValueError: max_workers must be greater than 0
[2025-12-10 10:06:43,039] ERROR error_logger ❌ [16397/100000] Failed for mobile 9663818444: max_workers must be greater than 0
Traceback (most recent call last):
  File "/Users/DK/Desktop/Project/r2_migration/Summary_Generation/mobile_summary.py", line 38, in process_mobile_range
    result = generate_mobile_summary(bucket, mobile)
  File "/Users/DK/Desktop/Project/r2_migration/Summary_Generation/mobile_summary_form.py", line 163, in generate_mobile_summary
    imei_summary_fun(bucket, mobile)
    ~~~~~~~~~~~~~~~~^^^^^^^^^^^^^^^^
  File "/Users/DK/Desktop/Project/r2_migration/Summary_Generation/mobile_summary_form.py", line 100, in imei_summary_fun
    records = parallel_read_json(bucket, imei_files, workers=workers_count)
  File "/Users/DK/Desktop/Project/r2_migration/Summary_Generation/mobile_summary_form.py", line 60, in parallel_read_json
    with ThreadPoolExecutor(max_workers=workers) as executor:
         ~~~~~~~~~~~~~~~~~~^^^^^^^^^^^^^^^^^^^^^
  File "/Library/Frameworks/Python.framework/Versions/3.13/lib/python3.13/concurrent/futures/thread.py", line 148, in __init__
    raise ValueError("max_workers must be greater than 0")
ValueError: max_workers must be greater than 0
[2025-12-10 10:28:45,793] ERROR error_logger ❌ [16845/100000] Failed for mobile 8098320201: max_workers must be greater than 0
Traceback (most recent call last):
  File "/Users/DK/Desktop/Project/r2_migration/Summary_Generation/mobile_summary.py", line 38, in process_mobile_range
    result = generate_mobile_summary(bucket, mobile)
  File "/Users/DK/Desktop/Project/r2_migration/Summary_Generation/mobile_summary_form.py", line 163, in generate_mobile_summary
    imei_summary_fun(bucket, mobile)
    ~~~~~~~~~~~~~~~~^^^^^^^^^^^^^^^^
  File "/Users/DK/Desktop/Project/r2_migration/Summary_Generation/mobile_summary_form.py", line 100, in imei_summary_fun
    records = parallel_read_json(bucket, imei_files, workers=workers_count)
  File "/Users/DK/Desktop/Project/r2_migration/Summary_Generation/mobile_summary_form.py", line 60, in parallel_read_json
    with ThreadPoolExecutor(max_workers=workers) as executor:
         ~~~~~~~~~~~~~~~~~~^^^^^^^^^^^^^^^^^^^^^
  File "/Library/Frameworks/Python.framework/Versions/3.13/lib/python3.13/concurrent/futures/thread.py", line 148, in __init__
    raise ValueError("max_workers must be greater than 0")
ValueError: max_workers must be greater than 0

[2025-12-15 16:42:08,223] ERROR error_logger ❌ CRM exception
Traceback (most recent call last):
  File "/Users/DK/Desktop/Project/r2_migration/routers/Pos_Transaction/pos_creation.py", line 214, in crm_customer_id
    return resp.get("errors", [{}])[0].get("customerId", ""), None
           ^^^^^^^^^^^^^^^^^^^^^^^^^^^^^^^
AttributeError: 'str' object has no attribute 'get'
